
> dugate@1.5.0 test:e2e
> jest --config jest.e2e.config.js

node.exe : (node:21976) Warning: `--localstorage-file` was provided without a 
valid path
At line:1 char:1
+ & "C:\Program Files\nodejs/node.exe" "C:\Program Files\nodejs/node_mo ...
+ ~~~~~~~~~~~~~~~~~~~~~~~~~~~~~~~~~~~~~~~~~~~~~~~~~~~~~~~~~~~~~~~~~~~~~
    + CategoryInfo          : NotSpecified: ((node:21976) Wa...ut a valid path: 
   String) [], RemoteException
    + FullyQualifiedErrorId : NativeCommandError
 
(Use `node --trace-warnings ...` to show where the warning was created)
FAIL tests/e2e/transform.e2e.test.ts
  ΓùÅ Console

    console.log
      [E2E Setup] Preparing Database...

      at tests/e2e/setup.ts:11:11

  ΓùÅ Transform API Endpoint ΓÇ║ should transform document using mode = convert

    PrismaClientInitializationError: 
    Invalid `prisma.apiKey.upsert()` invocation in
    D:\Projects\du\tests\e2e\setup.ts:14:23

      11 console.log('[E2E Setup] Preparing Database...');
      12 
      13 // 1. Ensure test API key is inserted
    ΓåÆ 14 await prisma.apiKey.upsert(
    Can't reach database server at `db:5432`

    Please make sure your database server is running at `db:5432`.

      at $n.handleRequestError 
(node_modules/@prisma/client/runtime/library.js:121:7615)
      at $n.handleAndLogRequestError 
(node_modules/@prisma/client/runtime/library.js:121:6623)
      at $n.request (node_modules/@prisma/client/runtime/library.js:121:6307)
      at l (node_modules/@prisma/client/runtime/library.js:130:9633)

  ΓùÅ Transform API Endpoint ΓÇ║ should transform document using mode = rewrite

    PrismaClientInitializationError: 
    Invalid `prisma.apiKey.upsert()` invocation in
    D:\Projects\du\tests\e2e\setup.ts:14:23

      11 console.log('[E2E Setup] Preparing Database...');
      12 
      13 // 1. Ensure test API key is inserted
    ΓåÆ 14 await prisma.apiKey.upsert(
    Can't reach database server at `db:5432`

    Please make sure your database server is running at `db:5432`.

      at $n.handleRequestError 
(node_modules/@prisma/client/runtime/library.js:121:7615)
      at $n.handleAndLogRequestError 
(node_modules/@prisma/client/runtime/library.js:121:6623)
      at $n.request (node_modules/@prisma/client/runtime/library.js:121:6307)
      at l (node_modules/@prisma/client/runtime/library.js:130:9633)

  ΓùÅ Transform API Endpoint ΓÇ║ should transform document using mode = redact

    PrismaClientInitializationError: 
    Invalid `prisma.apiKey.upsert()` invocation in
    D:\Projects\du\tests\e2e\setup.ts:14:23

      11 console.log('[E2E Setup] Preparing Database...');
      12 
      13 // 1. Ensure test API key is inserted
    ΓåÆ 14 await prisma.apiKey.upsert(
    Can't reach database server at `db:5432`

    Please make sure your database server is running at `db:5432`.

      at $n.handleRequestError 
(node_modules/@prisma/client/runtime/library.js:121:7615)
      at $n.handleAndLogRequestError 
(node_modules/@prisma/client/runtime/library.js:121:6623)
      at $n.request (node_modules/@prisma/client/runtime/library.js:121:6307)
      at l (node_modules/@prisma/client/runtime/library.js:130:9633)

  ΓùÅ Transform API Endpoint ΓÇ║ should transform document using mode = template

    PrismaClientInitializationError: 
    Invalid `prisma.apiKey.upsert()` invocation in
    D:\Projects\du\tests\e2e\setup.ts:14:23

      11 console.log('[E2E Setup] Preparing Database...');
      12 
      13 // 1. Ensure test API key is inserted
    ΓåÆ 14 await prisma.apiKey.upsert(
    Can't reach database server at `db:5432`

    Please make sure your database server is running at `db:5432`.

      at $n.handleRequestError 
(node_modules/@prisma/client/runtime/library.js:121:7615)
      at $n.handleAndLogRequestError 
(node_modules/@prisma/client/runtime/library.js:121:6623)
      at $n.request (node_modules/@prisma/client/runtime/library.js:121:6307)
      at l (node_modules/@prisma/client/runtime/library.js:130:9633)

  ΓùÅ Transform API Endpoint ΓÇ║ should require targetLanguage parameter for 
translate mode

    PrismaClientInitializationError: 
    Invalid `prisma.apiKey.upsert()` invocation in
    D:\Projects\du\tests\e2e\setup.ts:14:23

      11 console.log('[E2E Setup] Preparing Database...');
      12 
      13 // 1. Ensure test API key is inserted
    ΓåÆ 14 await prisma.apiKey.upsert(
    Can't reach database server at `db:5432`

    Please make sure your database server is running at `db:5432`.

      at $n.handleRequestError 
(node_modules/@prisma/client/runtime/library.js:121:7615)
      at $n.handleAndLogRequestError 
(node_modules/@prisma/client/runtime/library.js:121:6623)
      at $n.request (node_modules/@prisma/client/runtime/library.js:121:6307)
      at l (node_modules/@prisma/client/runtime/library.js:130:9633)

(node:24320) Warning: `--localstorage-file` was provided without a valid path
(Use `node --trace-warnings ...` to show where the warning was created)
FAIL tests/e2e/generate.e2e.test.ts
  ΓùÅ Console

    console.log
      [E2E Setup] Preparing Database...

      at tests/e2e/setup.ts:11:11

  ΓùÅ Generate API Endpoint ΓÇ║ should generate content based on document using 
mode = summary

    PrismaClientInitializationError: 
    Invalid `prisma.apiKey.upsert()` invocation in
    D:\Projects\du\tests\e2e\setup.ts:14:23

      11 console.log('[E2E Setup] Preparing Database...');
      12 
      13 // 1. Ensure test API key is inserted
    ΓåÆ 14 await prisma.apiKey.upsert(
    Can't reach database server at `db:5432`

    Please make sure your database server is running at `db:5432`.

      at $n.handleRequestError 
(node_modules/@prisma/client/runtime/library.js:121:7615)
      at $n.handleAndLogRequestError 
(node_modules/@prisma/client/runtime/library.js:121:6623)
      at $n.request (node_modules/@prisma/client/runtime/library.js:121:6307)
      at l (node_modules/@prisma/client/runtime/library.js:130:9633)

  ΓùÅ Generate API Endpoint ΓÇ║ should generate content based on document using 
mode = qa

    PrismaClientInitializationError: 
    Invalid `prisma.apiKey.upsert()` invocation in
    D:\Projects\du\tests\e2e\setup.ts:14:23

      11 console.log('[E2E Setup] Preparing Database...');
      12 
      13 // 1. Ensure test API key is inserted
    ΓåÆ 14 await prisma.apiKey.upsert(
    Can't reach database server at `db:5432`

    Please make sure your database server is running at `db:5432`.

      at $n.handleRequestError 
(node_modules/@prisma/client/runtime/library.js:121:7615)
      at $n.handleAndLogRequestError 
(node_modules/@prisma/client/runtime/library.js:121:6623)
      at $n.request (node_modules/@prisma/client/runtime/library.js:121:6307)
      at l (node_modules/@prisma/client/runtime/library.js:130:9633)

  ΓùÅ Generate API Endpoint ΓÇ║ should generate content based on document using 
mode = outline

    PrismaClientInitializationError: 
    Invalid `prisma.apiKey.upsert()` invocation in
    D:\Projects\du\tests\e2e\setup.ts:14:23

      11 console.log('[E2E Setup] Preparing Database...');
      12 
      13 // 1. Ensure test API key is inserted
    ΓåÆ 14 await prisma.apiKey.upsert(
    Can't reach database server at `db:5432`

    Please make sure your database server is running at `db:5432`.

      at $n.handleRequestError 
(node_modules/@prisma/client/runtime/library.js:121:7615)
      at $n.handleAndLogRequestError 
(node_modules/@prisma/client/runtime/library.js:121:6623)
      at $n.request (node_modules/@prisma/client/runtime/library.js:121:6307)
      at l (node_modules/@prisma/client/runtime/library.js:130:9633)

  ΓùÅ Generate API Endpoint ΓÇ║ should generate content based on document using 
mode = report

    PrismaClientInitializationError: 
    Invalid `prisma.apiKey.upsert()` invocation in
    D:\Projects\du\tests\e2e\setup.ts:14:23

      11 console.log('[E2E Setup] Preparing Database...');
      12 
      13 // 1. Ensure test API key is inserted
    ΓåÆ 14 await prisma.apiKey.upsert(
    Can't reach database server at `db:5432`

    Please make sure your database server is running at `db:5432`.

      at $n.handleRequestError 
(node_modules/@prisma/client/runtime/library.js:121:7615)
      at $n.handleAndLogRequestError 
(node_modules/@prisma/client/runtime/library.js:121:6623)
      at $n.request (node_modules/@prisma/client/runtime/library.js:121:6307)
      at l (node_modules/@prisma/client/runtime/library.js:130:9633)

  ΓùÅ Generate API Endpoint ΓÇ║ should generate content based on document using 
mode = email

    PrismaClientInitializationError: 
    Invalid `prisma.apiKey.upsert()` invocation in
    D:\Projects\du\tests\e2e\setup.ts:14:23

      11 console.log('[E2E Setup] Preparing Database...');
      12 
      13 // 1. Ensure test API key is inserted
    ΓåÆ 14 await prisma.apiKey.upsert(
    Can't reach database server at `db:5432`

    Please make sure your database server is running at `db:5432`.

      at $n.handleRequestError 
(node_modules/@prisma/client/runtime/library.js:121:7615)
      at $n.handleAndLogRequestError 
(node_modules/@prisma/client/runtime/library.js:121:6623)
      at $n.request (node_modules/@prisma/client/runtime/library.js:121:6307)
      at l (node_modules/@prisma/client/runtime/library.js:130:9633)

  ΓùÅ Generate API Endpoint ΓÇ║ should generate content based on document using 
mode = minutes

    PrismaClientInitializationError: 
    Invalid `prisma.apiKey.upsert()` invocation in
    D:\Projects\du\tests\e2e\setup.ts:14:23

      11 console.log('[E2E Setup] Preparing Database...');
      12 
      13 // 1. Ensure test API key is inserted
    ΓåÆ 14 await prisma.apiKey.upsert(
    Can't reach database server at `db:5432`

    Please make sure your database server is running at `db:5432`.

      at $n.handleRequestError 
(node_modules/@prisma/client/runtime/library.js:121:7615)
      at $n.handleAndLogRequestError 
(node_modules/@prisma/client/runtime/library.js:121:6623)
      at $n.request (node_modules/@prisma/client/runtime/library.js:121:6307)
      at l (node_modules/@prisma/client/runtime/library.js:130:9633)

(node:26960) Warning: `--localstorage-file` was provided without a valid path
(Use `node --trace-warnings ...` to show where the warning was created)
FAIL tests/e2e/ingest.e2e.test.ts
  ΓùÅ Console

    console.log
      [E2E Setup] Preparing Database...

      at tests/e2e/setup.ts:11:11

  ΓùÅ Ingest API Endpoint ΓÇ║ should reject invalid mode

    PrismaClientInitializationError: 
    Invalid `prisma.apiKey.upsert()` invocation in
    D:\Projects\du\tests\e2e\setup.ts:14:23

      11 console.log('[E2E Setup] Preparing Database...');
      12 
      13 // 1. Ensure test API key is inserted
    ΓåÆ 14 await prisma.apiKey.upsert(
    Can't reach database server at `db:5432`

    Please make sure your database server is running at `db:5432`.

      at $n.handleRequestError 
(node_modules/@prisma/client/runtime/library.js:121:7615)
      at $n.handleAndLogRequestError 
(node_modules/@prisma/client/runtime/library.js:121:6623)
      at $n.request (node_modules/@prisma/client/runtime/library.js:121:6307)
      at l (node_modules/@prisma/client/runtime/library.js:130:9633)

  ΓùÅ Ingest API Endpoint ΓÇ║ should successfully process a PDF with mode = 
parse

    PrismaClientInitializationError: 
    Invalid `prisma.apiKey.upsert()` invocation in
    D:\Projects\du\tests\e2e\setup.ts:14:23

      11 console.log('[E2E Setup] Preparing Database...');
      12 
      13 // 1. Ensure test API key is inserted
    ΓåÆ 14 await prisma.apiKey.upsert(
    Can't reach database server at `db:5432`

    Please make sure your database server is running at `db:5432`.

      at $n.handleRequestError 
(node_modules/@prisma/client/runtime/library.js:121:7615)
      at $n.handleAndLogRequestError 
(node_modules/@prisma/client/runtime/library.js:121:6623)
      at $n.request (node_modules/@prisma/client/runtime/library.js:121:6307)
      at l (node_modules/@prisma/client/runtime/library.js:130:9633)

  ΓùÅ Ingest API Endpoint ΓÇ║ should successfully process a PDF with mode = ocr

    PrismaClientInitializationError: 
    Invalid `prisma.apiKey.upsert()` invocation in
    D:\Projects\du\tests\e2e\setup.ts:14:23

      11 console.log('[E2E Setup] Preparing Database...');
      12 
      13 // 1. Ensure test API key is inserted
    ΓåÆ 14 await prisma.apiKey.upsert(
    Can't reach database server at `db:5432`

    Please make sure your database server is running at `db:5432`.

      at $n.handleRequestError 
(node_modules/@prisma/client/runtime/library.js:121:7615)
      at $n.handleAndLogRequestError 
(node_modules/@prisma/client/runtime/library.js:121:6623)
      at $n.request (node_modules/@prisma/client/runtime/library.js:121:6307)
      at l (node_modules/@prisma/client/runtime/library.js:130:9633)

  ΓùÅ Ingest API Endpoint ΓÇ║ should successfully process a PDF with mode = 
digitize

    PrismaClientInitializationError: 
    Invalid `prisma.apiKey.upsert()` invocation in
    D:\Projects\du\tests\e2e\setup.ts:14:23

      11 console.log('[E2E Setup] Preparing Database...');
      12 
      13 // 1. Ensure test API key is inserted
    ΓåÆ 14 await prisma.apiKey.upsert(
    Can't reach database server at `db:5432`

    Please make sure your database server is running at `db:5432`.

      at $n.handleRequestError 
(node_modules/@prisma/client/runtime/library.js:121:7615)
      at $n.handleAndLogRequestError 
(node_modules/@prisma/client/runtime/library.js:121:6623)
      at $n.request (node_modules/@prisma/client/runtime/library.js:121:6307)
      at l (node_modules/@prisma/client/runtime/library.js:130:9633)

  ΓùÅ Ingest API Endpoint ΓÇ║ should successfully process a PDF with mode = 
split

    PrismaClientInitializationError: 
    Invalid `prisma.apiKey.upsert()` invocation in
    D:\Projects\du\tests\e2e\setup.ts:14:23

      11 console.log('[E2E Setup] Preparing Database...');
      12 
      13 // 1. Ensure test API key is inserted
    ΓåÆ 14 await prisma.apiKey.upsert(
    Can't reach database server at `db:5432`

    Please make sure your database server is running at `db:5432`.

      at $n.handleRequestError 
(node_modules/@prisma/client/runtime/library.js:121:7615)
      at $n.handleAndLogRequestError 
(node_modules/@prisma/client/runtime/library.js:121:6623)
      at $n.request (node_modules/@prisma/client/runtime/library.js:121:6307)
      at l (node_modules/@prisma/client/runtime/library.js:130:9633)

  ΓùÅ Ingest API Endpoint ΓÇ║ should accept multiple files

    PrismaClientInitializationError: 
    Invalid `prisma.apiKey.upsert()` invocation in
    D:\Projects\du\tests\e2e\setup.ts:14:23

      11 console.log('[E2E Setup] Preparing Database...');
      12 
      13 // 1. Ensure test API key is inserted
    ΓåÆ 14 await prisma.apiKey.upsert(
    Can't reach database server at `db:5432`

    Please make sure your database server is running at `db:5432`.

      at $n.handleRequestError 
(node_modules/@prisma/client/runtime/library.js:121:7615)
      at $n.handleAndLogRequestError 
(node_modules/@prisma/client/runtime/library.js:121:6623)
      at $n.request (node_modules/@prisma/client/runtime/library.js:121:6307)
      at l (node_modules/@prisma/client/runtime/library.js:130:9633)

(node:13640) Warning: `--localstorage-file` was provided without a valid path
(Use `node --trace-warnings ...` to show where the warning was created)
FAIL tests/e2e/extract.e2e.test.ts
  ΓùÅ Console

    console.log
      [E2E Setup] Preparing Database...

      at tests/e2e/setup.ts:11:11

  ΓùÅ Extract API Endpoint ΓÇ║ should extract data using mode = invoice

    PrismaClientInitializationError: 
    Invalid `prisma.apiKey.upsert()` invocation in
    D:\Projects\du\tests\e2e\setup.ts:14:23

      11 console.log('[E2E Setup] Preparing Database...');
      12 
      13 // 1. Ensure test API key is inserted
    ΓåÆ 14 await prisma.apiKey.upsert(
    Can't reach database server at `db:5432`

    Please make sure your database server is running at `db:5432`.

      at $n.handleRequestError 
(node_modules/@prisma/client/runtime/library.js:121:7615)
      at $n.handleAndLogRequestError 
(node_modules/@prisma/client/runtime/library.js:121:6623)
      at $n.request (node_modules/@prisma/client/runtime/library.js:121:6307)
      at l (node_modules/@prisma/client/runtime/library.js:130:9633)

  ΓùÅ Extract API Endpoint ΓÇ║ should extract data using mode = contract

    PrismaClientInitializationError: 
    Invalid `prisma.apiKey.upsert()` invocation in
    D:\Projects\du\tests\e2e\setup.ts:14:23

      11 console.log('[E2E Setup] Preparing Database...');
      12 
      13 // 1. Ensure test API key is inserted
    ΓåÆ 14 await prisma.apiKey.upsert(
    Can't reach database server at `db:5432`

    Please make sure your database server is running at `db:5432`.

      at $n.handleRequestError 
(node_modules/@prisma/client/runtime/library.js:121:7615)
      at $n.handleAndLogRequestError 
(node_modules/@prisma/client/runtime/library.js:121:6623)
      at $n.request (node_modules/@prisma/client/runtime/library.js:121:6307)
      at l (node_modules/@prisma/client/runtime/library.js:130:9633)

  ΓùÅ Extract API Endpoint ΓÇ║ should extract data using mode = id-card

    PrismaClientInitializationError: 
    Invalid `prisma.apiKey.upsert()` invocation in
    D:\Projects\du\tests\e2e\setup.ts:14:23

      11 console.log('[E2E Setup] Preparing Database...');
      12 
      13 // 1. Ensure test API key is inserted
    ΓåÆ 14 await prisma.apiKey.upsert(
    Can't reach database server at `db:5432`

    Please make sure your database server is running at `db:5432`.

      at $n.handleRequestError 
(node_modules/@prisma/client/runtime/library.js:121:7615)
      at $n.handleAndLogRequestError 
(node_modules/@prisma/client/runtime/library.js:121:6623)
      at $n.request (node_modules/@prisma/client/runtime/library.js:121:6307)
      at l (node_modules/@prisma/client/runtime/library.js:130:9633)

  ΓùÅ Extract API Endpoint ΓÇ║ should extract data using mode = receipt

    PrismaClientInitializationError: 
    Invalid `prisma.apiKey.upsert()` invocation in
    D:\Projects\du\tests\e2e\setup.ts:14:23

      11 console.log('[E2E Setup] Preparing Database...');
      12 
      13 // 1. Ensure test API key is inserted
    ΓåÆ 14 await prisma.apiKey.upsert(
    Can't reach database server at `db:5432`

    Please make sure your database server is running at `db:5432`.

      at $n.handleRequestError 
(node_modules/@prisma/client/runtime/library.js:121:7615)
      at $n.handleAndLogRequestError 
(node_modules/@prisma/client/runtime/library.js:121:6623)
      at $n.request (node_modules/@prisma/client/runtime/library.js:121:6307)
      at l (node_modules/@prisma/client/runtime/library.js:130:9633)

  ΓùÅ Extract API Endpoint ΓÇ║ should extract data using mode = table

    PrismaClientInitializationError: 
    Invalid `prisma.apiKey.upsert()` invocation in
    D:\Projects\du\tests\e2e\setup.ts:14:23

      11 console.log('[E2E Setup] Preparing Database...');
      12 
      13 // 1. Ensure test API key is inserted
    ΓåÆ 14 await prisma.apiKey.upsert(
    Can't reach database server at `db:5432`

    Please make sure your database server is running at `db:5432`.

      at $n.handleRequestError 
(node_modules/@prisma/client/runtime/library.js:121:7615)
      at $n.handleAndLogRequestError 
(node_modules/@prisma/client/runtime/library.js:121:6623)
      at $n.request (node_modules/@prisma/client/runtime/library.js:121:6307)
      at l (node_modules/@prisma/client/runtime/library.js:130:9633)

  ΓùÅ Extract API Endpoint ΓÇ║ should extract data using custom json schema mode

    PrismaClientInitializationError: 
    Invalid `prisma.apiKey.upsert()` invocation in
    D:\Projects\du\tests\e2e\setup.ts:14:23

      11 console.log('[E2E Setup] Preparing Database...');
      12 
      13 // 1. Ensure test API key is inserted
    ΓåÆ 14 await prisma.apiKey.upsert(
    Can't reach database server at `db:5432`

    Please make sure your database server is running at `db:5432`.

      at $n.handleRequestError 
(node_modules/@prisma/client/runtime/library.js:121:7615)
      at $n.handleAndLogRequestError 
(node_modules/@prisma/client/runtime/library.js:121:6623)
      at $n.request (node_modules/@prisma/client/runtime/library.js:121:6307)
      at l (node_modules/@prisma/client/runtime/library.js:130:9633)

  ΓùÅ Extract API Endpoint ΓÇ║ should reject custom mode if schema is missing

    PrismaClientInitializationError: 
    Invalid `prisma.apiKey.upsert()` invocation in
    D:\Projects\du\tests\e2e\setup.ts:14:23

      11 console.log('[E2E Setup] Preparing Database...');
      12 
      13 // 1. Ensure test API key is inserted
    ΓåÆ 14 await prisma.apiKey.upsert(
    Can't reach database server at `db:5432`

    Please make sure your database server is running at `db:5432`.

      at $n.handleRequestError 
(node_modules/@prisma/client/runtime/library.js:121:7615)
      at $n.handleAndLogRequestError 
(node_modules/@prisma/client/runtime/library.js:121:6623)
      at $n.request (node_modules/@prisma/client/runtime/library.js:121:6307)
      at l (node_modules/@prisma/client/runtime/library.js:130:9633)

(node:7548) Warning: `--localstorage-file` was provided without a valid path
(Use `node --trace-warnings ...` to show where the warning was created)
FAIL tests/e2e/compare.e2e.test.ts
  ΓùÅ Console

    console.log
      [E2E Setup] Preparing Database...

      at tests/e2e/setup.ts:11:11

  ΓùÅ Compare API Endpoint ΓÇ║ should reject if only one file is provided

    PrismaClientInitializationError: 
    Invalid `prisma.apiKey.upsert()` invocation in
    D:\Projects\du\tests\e2e\setup.ts:14:23

      11 console.log('[E2E Setup] Preparing Database...');
      12 
      13 // 1. Ensure test API key is inserted
    ΓåÆ 14 await prisma.apiKey.upsert(
    Can't reach database server at `db:5432`

    Please make sure your database server is running at `db:5432`.

      at $n.handleRequestError 
(node_modules/@prisma/client/runtime/library.js:121:7615)
      at $n.handleAndLogRequestError 
(node_modules/@prisma/client/runtime/library.js:121:6623)
      at $n.request (node_modules/@prisma/client/runtime/library.js:121:6307)
      at l (node_modules/@prisma/client/runtime/library.js:130:9633)

  ΓùÅ Compare API Endpoint ΓÇ║ should successfully compare documents using mode 
= diff

    PrismaClientInitializationError: 
    Invalid `prisma.apiKey.upsert()` invocation in
    D:\Projects\du\tests\e2e\setup.ts:14:23

      11 console.log('[E2E Setup] Preparing Database...');
      12 
      13 // 1. Ensure test API key is inserted
    ΓåÆ 14 await prisma.apiKey.upsert(
    Can't reach database server at `db:5432`

    Please make sure your database server is running at `db:5432`.

      at $n.handleRequestError 
(node_modules/@prisma/client/runtime/library.js:121:7615)
      at $n.handleAndLogRequestError 
(node_modules/@prisma/client/runtime/library.js:121:6623)
      at $n.request (node_modules/@prisma/client/runtime/library.js:121:6307)
      at l (node_modules/@prisma/client/runtime/library.js:130:9633)

  ΓùÅ Compare API Endpoint ΓÇ║ should successfully compare documents using mode 
= semantic

    PrismaClientInitializationError: 
    Invalid `prisma.apiKey.upsert()` invocation in
    D:\Projects\du\tests\e2e\setup.ts:14:23

      11 console.log('[E2E Setup] Preparing Database...');
      12 
      13 // 1. Ensure test API key is inserted
    ΓåÆ 14 await prisma.apiKey.upsert(
    Can't reach database server at `db:5432`

    Please make sure your database server is running at `db:5432`.

      at $n.handleRequestError 
(node_modules/@prisma/client/runtime/library.js:121:7615)
      at $n.handleAndLogRequestError 
(node_modules/@prisma/client/runtime/library.js:121:6623)
      at $n.request (node_modules/@prisma/client/runtime/library.js:121:6307)
      at l (node_modules/@prisma/client/runtime/library.js:130:9633)

  ΓùÅ Compare API Endpoint ΓÇ║ should successfully compare documents using mode 
= version

    PrismaClientInitializationError: 
    Invalid `prisma.apiKey.upsert()` invocation in
    D:\Projects\du\tests\e2e\setup.ts:14:23

      11 console.log('[E2E Setup] Preparing Database...');
      12 
      13 // 1. Ensure test API key is inserted
    ΓåÆ 14 await prisma.apiKey.upsert(
    Can't reach database server at `db:5432`

    Please make sure your database server is running at `db:5432`.

      at $n.handleRequestError 
(node_modules/@prisma/client/runtime/library.js:121:7615)
      at $n.handleAndLogRequestError 
(node_modules/@prisma/client/runtime/library.js:121:6623)
      at $n.request (node_modules/@prisma/client/runtime/library.js:121:6307)
      at l (node_modules/@prisma/client/runtime/library.js:130:9633)

(node:27580) Warning: `--localstorage-file` was provided without a valid path
(Use `node --trace-warnings ...` to show where the warning was created)
FAIL tests/e2e/analyze.e2e.test.ts
  ΓùÅ Console

    console.log
      [E2E Setup] Preparing Database...

      at tests/e2e/setup.ts:11:11

  ΓùÅ Analyze API Endpoint ΓÇ║ should successfully analyze document using mode 
= classify

    PrismaClientInitializationError: 
    Invalid `prisma.apiKey.upsert()` invocation in
    D:\Projects\du\tests\e2e\setup.ts:14:23

      11 console.log('[E2E Setup] Preparing Database...');
      12 
      13 // 1. Ensure test API key is inserted
    ΓåÆ 14 await prisma.apiKey.upsert(
    Can't reach database server at `db:5432`

    Please make sure your database server is running at `db:5432`.

      at $n.handleRequestError 
(node_modules/@prisma/client/runtime/library.js:121:7615)
      at $n.handleAndLogRequestError 
(node_modules/@prisma/client/runtime/library.js:121:6623)
      at $n.request (node_modules/@prisma/client/runtime/library.js:121:6307)
      at l (node_modules/@prisma/client/runtime/library.js:130:9633)

  ΓùÅ Analyze API Endpoint ΓÇ║ should successfully analyze document using mode 
= compliance

    PrismaClientInitializationError: 
    Invalid `prisma.apiKey.upsert()` invocation in
    D:\Projects\du\tests\e2e\setup.ts:14:23

      11 console.log('[E2E Setup] Preparing Database...');
      12 
      13 // 1. Ensure test API key is inserted
    ΓåÆ 14 await prisma.apiKey.upsert(
    Can't reach database server at `db:5432`

    Please make sure your database server is running at `db:5432`.

      at $n.handleRequestError 
(node_modules/@prisma/client/runtime/library.js:121:7615)
      at $n.handleAndLogRequestError 
(node_modules/@prisma/client/runtime/library.js:121:6623)
      at $n.request (node_modules/@prisma/client/runtime/library.js:121:6307)
      at l (node_modules/@prisma/client/runtime/library.js:130:9633)

  ΓùÅ Analyze API Endpoint ΓÇ║ should successfully analyze document using mode 
= risk

    PrismaClientInitializationError: 
    Invalid `prisma.apiKey.upsert()` invocation in
    D:\Projects\du\tests\e2e\setup.ts:14:23

      11 console.log('[E2E Setup] Preparing Database...');
      12 
      13 // 1. Ensure test API key is inserted
    ΓåÆ 14 await prisma.apiKey.upsert(
    Can't reach database server at `db:5432`

    Please make sure your database server is running at `db:5432`.

      at $n.handleRequestError 
(node_modules/@prisma/client/runtime/library.js:121:7615)
      at $n.handleAndLogRequestError 
(node_modules/@prisma/client/runtime/library.js:121:6623)
      at $n.request (node_modules/@prisma/client/runtime/library.js:121:6307)
      at l (node_modules/@prisma/client/runtime/library.js:130:9633)

  ΓùÅ Analyze API Endpoint ΓÇ║ should successfully analyze document using mode 
= fact-check

    PrismaClientInitializationError: 
    Invalid `prisma.apiKey.upsert()` invocation in
    D:\Projects\du\tests\e2e\setup.ts:14:23

      11 console.log('[E2E Setup] Preparing Database...');
      12 
      13 // 1. Ensure test API key is inserted
    ΓåÆ 14 await prisma.apiKey.upsert(
    Can't reach database server at `db:5432`

    Please make sure your database server is running at `db:5432`.

      at $n.handleRequestError 
(node_modules/@prisma/client/runtime/library.js:121:7615)
      at $n.handleAndLogRequestError 
(node_modules/@prisma/client/runtime/library.js:121:6623)
      at $n.request (node_modules/@prisma/client/runtime/library.js:121:6307)
      at l (node_modules/@prisma/client/runtime/library.js:130:9633)

  ΓùÅ Analyze API Endpoint ΓÇ║ should successfully analyze document using mode 
= sentiment

    PrismaClientInitializationError: 
    Invalid `prisma.apiKey.upsert()` invocation in
    D:\Projects\du\tests\e2e\setup.ts:14:23

      11 console.log('[E2E Setup] Preparing Database...');
      12 
      13 // 1. Ensure test API key is inserted
    ΓåÆ 14 await prisma.apiKey.upsert(
    Can't reach database server at `db:5432`

    Please make sure your database server is running at `db:5432`.

      at $n.handleRequestError 
(node_modules/@prisma/client/runtime/library.js:121:7615)
      at $n.handleAndLogRequestError 
(node_modules/@prisma/client/runtime/library.js:121:6623)
      at $n.request (node_modules/@prisma/client/runtime/library.js:121:6307)
      at l (node_modules/@prisma/client/runtime/library.js:130:9633)

  ΓùÅ Analyze API Endpoint ΓÇ║ should successfully analyze document using mode 
= quality

    PrismaClientInitializationError: 
    Invalid `prisma.apiKey.upsert()` invocation in
    D:\Projects\du\tests\e2e\setup.ts:14:23

      11 console.log('[E2E Setup] Preparing Database...');
      12 
      13 // 1. Ensure test API key is inserted
    ΓåÆ 14 await prisma.apiKey.upsert(
    Can't reach database server at `db:5432`

    Please make sure your database server is running at `db:5432`.

      at $n.handleRequestError 
(node_modules/@prisma/client/runtime/library.js:121:7615)
      at $n.handleAndLogRequestError 
(node_modules/@prisma/client/runtime/library.js:121:6623)
      at $n.request (node_modules/@prisma/client/runtime/library.js:121:6307)
      at l (node_modules/@prisma/client/runtime/library.js:130:9633)

  ΓùÅ Analyze API Endpoint ΓÇ║ should accept additional query/prompt for deeper 
analysis

    PrismaClientInitializationError: 
    Invalid `prisma.apiKey.upsert()` invocation in
    D:\Projects\du\tests\e2e\setup.ts:14:23

      11 console.log('[E2E Setup] Preparing Database...');
      12 
      13 // 1. Ensure test API key is inserted
    ΓåÆ 14 await prisma.apiKey.upsert(
    Can't reach database server at `db:5432`

    Please make sure your database server is running at `db:5432`.

      at $n.handleRequestError 
(node_modules/@prisma/client/runtime/library.js:121:7615)
      at $n.handleAndLogRequestError 
(node_modules/@prisma/client/runtime/library.js:121:6623)
      at $n.request (node_modules/@prisma/client/runtime/library.js:121:6307)
      at l (node_modules/@prisma/client/runtime/library.js:130:9633)

Test Suites: 6 failed, 6 total
Tests:       35 failed, 35 total
Snapshots:   0 total
Time:        4.061 s
Ran all test suites.
